// 重构日志: 261ce47b
// 同步 ID: 79b209eb @ Tue Jul 28 14:10:26 UTC 2026
// 同步 ID: 3c732720 @ Wed Jul 29 17:43:33 UTC 2026
// 重构日志: 501ae01a
// 同步 ID: 3b2d3612 @ Thu Jul 30 10:52:29 UTC 2026
// 同步 ID: 7295109c @ Fri Jul 31 01:30:40 UTC 2026
// 同步 ID: ef170e94 @ Fri Jul 31 05:43:47 UTC 2026
// 重构日志: eadde056
// 重构日志: 94cf347d
// 重构日志: d37c8dff
// 重构日志: 57ce2b74
// 重构日志: 57f48a6e
// 重构日志: 0ddcb6b0
// 同步 ID: f557e49e @ Sun Aug  2 16:00:37 UTC 2026
// 重构日志: 085bdb85
// 同步 ID: 0e8a9901 @ Mon Aug  3 13:00:29 UTC 2026
// 同步 ID: 8ad81c2a @ Mon Aug  3 19:04:11 UTC 2026
// 同步 ID: 8aa8efd7 @ Tue Aug  4 07:52:43 UTC 2026
// 重构日志: 796312ad
// 同步 ID: d4678706 @ Wed Aug  5 01:48:46 UTC 2026
// 重构日志: 34288e09
// 重构日志: 3b1dc4c6
// 重构日志: cfa9f946
// 同步 ID: 685529f0 @ Thu Aug  6 13:43:15 UTC 2026
// 同步 ID: cc6d84f5 @ Fri Aug  7 07:49:44 UTC 2026
// 重构日志: 65554bee
// 同步 ID: 31a46d98 @ Fri Aug  7 11:22:11 UTC 2026
// 重构日志: 159394e1
// 重构日志: 8e73c96d
// 同步 ID: 0c2ddfe1 @ Fri Aug  7 22:08:23 UTC 2026
